// Jest Snapshot v1, https://goo.gl/fbAQLP

exports[`App renders App correctly 1`] = `
<DocumentFragment>
  <div
    class="App"
  >
    <div>
      <div
        class="navbar"
      >
        <div
          class="rightSide"
        >
          <div
            class="links"
            id=""
          >
            <a
              href="/"
            >
              Home
            </a>
            <a
              href="/login"
            >
              Login
            </a>
            <a
              href="/signup"
            >
              Sign up
            </a>
          </div>
          <div
            class="nav-button"
          >
            <svg
              color="white"
              fill="currentColor"
              height="2.5rem"
              stroke="currentColor"
              stroke-width="0"
              style="color: white;"
              viewBox="0 0 24 24"
              width="2.5rem"
              xmlns="http://www.w3.org/2000/svg"
            >
              <path
                d="M0 0h24v24H0z"
                fill="none"
              />
              <path
                d="M3 15h18v-2H3v2zm0 4h18v-2H3v2zm0-8h18V9H3v2zm0-6v2h18V5H3z"
              />
            </svg>
          </div>
        </div>
        <div
          class="leftSide"
        />
      </div>
      <div
        class="homeBody"
      >
        <h1
          class="title"
        >
          Huddle Up
        </h1>
        <div
          class="homeText"
        >
          <h3
            style="font-weight: 200;"
          >
            Join us and plan your events and activities!
          </h3>
        </div>
        <div
          class="btns logged-out"
        >
          <button
            class="loginBtn"
          >
            Login
          </button>
          <button
            class="signUpBtn"
          >
            Sign up
          </button>
        </div>
      </div>
    </div>
  </div>
</DocumentFragment>
`;
